// Jest Snapshot v1, https://goo.gl/fbAQLP

exports[`matches snapshot 1`] = `
<h5
  style={
    Object {
      "text-align": "center",
      "width": "20%",
    }
  }
>
  Region
</h5>
`;
